---
# Source: cronjob/templates/pre-deployment/serviceaccount.yaml
apiVersion: v1
kind: ServiceAccount
metadata:
  name: simple-job-staging
  namespace: team-superpower
  annotations:
    eks.amazonaws.com/role-arn: 'arn:aws:iam::1234567890:role/role-while-executing-superpower-things-staging-team-superpower'
