---
# Source: cronjob/templates/pre-deployment/secret.yaml
apiVersion: "kubernetes-client.io/v1"
kind: ExternalSecret
metadata:
  namespace: team-superpower
  name: simple-job-staging-external-secret
spec:
  backendType: systemManager
  roleArn: arn:aws:iam::1234567890:role/read-secrets-role-staging-team-superpower
  data:
    - name: "AWS_ACCESS_KEY_ID"
      key: "/staging/aws/access-key-id"
    - name: "THIRD_PARTY_API_KEY"
      key: "/staging/third-party/api-key"
