---
# Source: spring-service/templates/pre-deployment/pod-monitor.yaml
apiVersion: monitoring.coreos.com/v1
kind: PodMonitor
metadata:
  name: "myservice"
  namespace: "team-supercool"
spec:
  selector:
    matchLabels:
      app.kubernetes.io/name: "myservice"
  podMetricsEndpoints:
    - port: management
      path: /actuator/prometheus
