---
# Source: spring-service/templates/pre-deployment/secret.yaml
apiVersion: "kubernetes-client.io/v1"
kind: ExternalSecret
metadata:
  namespace: team-supercool
  name: myservice-external-secret
spec:
  backendType: systemManager
  roleArn: arn:aws:iam::1234567890:role/read-secrets-role-staging-team-superpower
  data:
    - name: "SENTRY_DSN"
      key: "/staging/sentry/dsn-myservice"
    - name: "SERVICE_OAUTH2_PUBLIC_KEY"
      key: "/staging/authenticorn/public-key"
    - name: "SPRING_DATASOURCE_URL"
      key: "/staging/rds/myservice/jdbc-url"
    - name: "SPRING_DATASOURCE_USERNAME"
      key: "/staging/rds/myservice/username"
    - name: "SPRING_DATASOURCE_PASSWORD"
      key: "/staging/rds/myservice/password"
    - name: "SPRING_RABBITMQ_HOST"
      key: "/staging/rabbitmq/hostname"
    - name: "SPRING_RABBITMQ_SSL_ENABLED"
      key: "/staging/rabbitmq/ssl"
    - name: "SPRING_RABBITMQ_USERNAME"
      key: "/staging/rabbitmq/username"
    - name: "SPRING_RABBITMQ_PASSWORD"
      key: "/staging/rabbitmq/password"
    - name: "auth"
      key: "/staging/myservice/auth"
    - name: "SOME_SECRET"
      key: "/staging/other-system/secret"
