---
# Source: spring-service/templates/post-deployment/ingress-public.yaml
apiVersion: networking.k8s.io/v1
kind: Ingress
metadata:
  name: myservice-public
  namespace: "team-supercool"
  annotations:
    nginx.ingress.kubernetes.io/custom-http-errors: 502
spec:
  ingressClassName: nginx-public
  rules:
    - host: myservice.mycompany.tld
      http:
        paths:        
          - path: /api/v1/public
            pathType: Prefix
            backend:
              service:
                name: myservice
                port:
                  number: 80
          - path: /welcome
            pathType: Prefix
            backend:
              service:
                name: myservice
                port:
                  number: 80
