---
# Source: spring-service/templates/post-deployment/prometheus-rules.yaml
apiVersion: monitoring.coreos.com/v1
kind: PrometheusRule
metadata:
  namespace: "team-supercool"
  labels:
    app: kube-prometheus-stack
    release: prometheus
  name: "myservice"
spec:
  groups:
    - name: "myservice"
      rules:
        - alert: "myservice_ServiceDown"
          expr: "and absent(myservice_up)"
          for: "1m"
          labels:
            service: "myservice"
            namespace: "team-supercool"
          annotations:
            description: "Service MyService is down"
            playbook_url: "http://xconfluence/x/aBcDeFg"
            pint: "pint disable promql/series(pint_problem)"
        - alert: "myservice_LowSeverityAlertWithExtraLabel"
          expr: "and absent(myservice_up)"
          for: "1m"
          labels:
            service: "myservice"
            namespace: "team-supercool"
            severity: "warning"
            some_label: "Some Value"
          annotations:
            description: "Service MyService is down"
            playbook_url: "http://xconfluence/x/aBcDeFg"
