---
# Source: spring-service/templates/pre-deployment/secret.yaml
apiVersion: external-secrets.io/v1
kind: ExternalSecret
metadata:
  namespace: team-supercool
  name: myservice-external-secret
spec:
  refreshInterval: "5m"
  secretStoreRef:
    name: secret-store
    kind: SecretStore
  data:
    - secretKey: "SENTRY_DSN"
      remoteRef:
        key: "/staging/sentry/dsn-myservice"
    - secretKey: "SERVICE_OAUTH2_PUBLIC_KEY"
      remoteRef:
        key: "/staging/authenticorn/public-key"
    - secretKey: "SPRING_DATASOURCE_URL"
      remoteRef:
        key: "/staging/rds/myservice/jdbc-url"
    - secretKey: "SPRING_DATASOURCE_USERNAME"
      remoteRef:
        key: "/staging/rds/myservice/rls-username"
    - secretKey: "SPRING_DATASOURCE_PASSWORD"
      remoteRef:
        key: "/staging/rds/myservice/rls-password"
    - secretKey: "SPRING_FLYWAY_USER"
      remoteRef:
        key: "/staging/rds/myservice/username"
    - secretKey: "SPRING_FLYWAY_PASSWORD"
      remoteRef:
        key: "/staging/rds/myservice/password"
    - secretKey: "SPRING_RABBITMQ_HOST"
      remoteRef:
        key: "/staging/rabbitmq/hostname"
    - secretKey: "SPRING_RABBITMQ_SSL_ENABLED"
      remoteRef:
        key: "/staging/rabbitmq/ssl"
    - secretKey: "SPRING_RABBITMQ_USERNAME"
      remoteRef:
        key: "/staging/rabbitmq/username"
    - secretKey: "SPRING_RABBITMQ_PASSWORD"
      remoteRef:
        key: "/staging/rabbitmq/password"
