---
# Source: spring-service/templates/pre-deployment/serviceaccount.yaml
apiVersion: v1
kind: ServiceAccount
metadata:
  name: myservice
  namespace: team-supercool
  annotations:
    eks.amazonaws.com/role-arn: 'arn:aws:iam::1234567890:role/k8s-staging-myservice'
