---
# Source: spring-service/templates/post-deployment/prometheus-rules.yaml
apiVersion: monitoring.coreos.com/v1
kind: PrometheusRule
metadata:
  namespace: "team-supercool"
  labels:
    app: kube-prometheus-stack
    release: prometheus
  name: "myservice"
spec:
  groups:
